Archive member included to satisfy reference by file (symbol)

c:/dev/avr8-gnu-toolchain-win32_x86_64/bin/../lib/gcc/avr/7.3.0/avr5\libgcc.a(_exit.o)
                              C:/Program Files/Microchip/MPLABX/v6.10/packs/Microchip/ATmega_DFP/3.0.158/gcc/dev/atmega328p/avr5/crtatmega328p.o (exit)
c:/dev/avr8-gnu-toolchain-win32_x86_64/bin/../lib/gcc/avr/7.3.0/avr5\libgcc.a(_copy_data.o)
                              build/default/debug/main.o (__do_copy_data)
c:/dev/avr8-gnu-toolchain-win32_x86_64/bin/../lib/gcc/avr/7.3.0/avr5\libgcc.a(_clear_bss.o)
                              build/default/debug/FreeRTOS/Source/croutine.o (__do_clear_bss)
c:/dev/avr8-gnu-toolchain-win32_x86_64/bin/../lib/gcc/avr/7.3.0/../../../../avr/lib/avr5\libc.a(malloc.o)
                              build/default/debug/FreeRTOS/Source/portable/MemMang/heap_3.o (malloc)
c:/dev/avr8-gnu-toolchain-win32_x86_64/bin/../lib/gcc/avr/7.3.0/../../../../avr/lib/avr5\libc.a(memcpy.o)
                              build/default/debug/FreeRTOS/Source/queue.o (memcpy)

Allocating common symbols
Common symbol       size              file

__brkval            0x2               c:/dev/avr8-gnu-toolchain-win32_x86_64/bin/../lib/gcc/avr/7.3.0/../../../../avr/lib/avr5\libc.a(malloc.o)
__flp               0x2               c:/dev/avr8-gnu-toolchain-win32_x86_64/bin/../lib/gcc/avr/7.3.0/../../../../avr/lib/avr5\libc.a(malloc.o)

Discarded input sections

 .data          0x0000000000000000        0x0 C:/Program Files/Microchip/MPLABX/v6.10/packs/Microchip/ATmega_DFP/3.0.158/gcc/dev/atmega328p/avr5/crtatmega328p.o
 .bss           0x0000000000000000        0x0 C:/Program Files/Microchip/MPLABX/v6.10/packs/Microchip/ATmega_DFP/3.0.158/gcc/dev/atmega328p/avr5/crtatmega328p.o
 .text          0x0000000000000000        0x0 build/default/debug/mcc_generated_files/system/src/cpuint.o
 .data          0x0000000000000000        0x0 build/default/debug/mcc_generated_files/system/src/cpuint.o
 .bss           0x0000000000000000        0x0 build/default/debug/mcc_generated_files/system/src/cpuint.o
 .text          0x0000000000000000        0x0 build/default/debug/mcc_generated_files/system/src/cpu.o
 .data          0x0000000000000000        0x0 build/default/debug/mcc_generated_files/system/src/cpu.o
 .bss           0x0000000000000000        0x0 build/default/debug/mcc_generated_files/system/src/cpu.o
 .text.CPU_EnableSleep
                0x0000000000000000        0x8 build/default/debug/mcc_generated_files/system/src/cpu.o
 .text.CPU_DisableSleep
                0x0000000000000000        0x8 build/default/debug/mcc_generated_files/system/src/cpu.o
 .text.CPU_SetSleepMode
                0x0000000000000000        0xa build/default/debug/mcc_generated_files/system/src/cpu.o
 .text.CPU_EnableLowPower
                0x0000000000000000        0x8 build/default/debug/mcc_generated_files/system/src/cpu.o
 .text          0x0000000000000000        0x0 build/default/debug/mcc_generated_files/system/src/system.o
 .data          0x0000000000000000        0x0 build/default/debug/mcc_generated_files/system/src/system.o
 .bss           0x0000000000000000        0x0 build/default/debug/mcc_generated_files/system/src/system.o
 .text          0x0000000000000000        0x0 build/default/debug/main.o
 .data          0x0000000000000000        0x0 build/default/debug/main.o
 .bss           0x0000000000000000        0x0 build/default/debug/main.o
 .text          0x0000000000000000        0x0 build/default/debug/mcc_generated_files/system/src/protected_io.o
 .data          0x0000000000000000        0x0 build/default/debug/mcc_generated_files/system/src/protected_io.o
 .bss           0x0000000000000000        0x0 build/default/debug/mcc_generated_files/system/src/protected_io.o
 .text.protected_write_io
                0x0000000000000000        0x8 build/default/debug/mcc_generated_files/system/src/protected_io.o
 .debug_line    0x0000000000000000       0x6d build/default/debug/mcc_generated_files/system/src/protected_io.o
 .debug_info    0x0000000000000000       0x7b build/default/debug/mcc_generated_files/system/src/protected_io.o
 .debug_abbrev  0x0000000000000000       0x14 build/default/debug/mcc_generated_files/system/src/protected_io.o
 .debug_aranges
                0x0000000000000000       0x20 build/default/debug/mcc_generated_files/system/src/protected_io.o
 .text          0x0000000000000000        0x0 build/default/debug/mcc_generated_files/system/src/config_bits.o
 .data          0x0000000000000000        0x0 build/default/debug/mcc_generated_files/system/src/config_bits.o
 .bss           0x0000000000000000        0x0 build/default/debug/mcc_generated_files/system/src/config_bits.o
 .text          0x0000000000000000        0x0 build/default/debug/mcc_generated_files/system/src/pins.o
 .data          0x0000000000000000        0x0 build/default/debug/mcc_generated_files/system/src/pins.o
 .bss           0x0000000000000000        0x0 build/default/debug/mcc_generated_files/system/src/pins.o
 .text          0x0000000000000000        0x0 build/default/debug/FreeRTOS/Source/croutine.o
 .data          0x0000000000000000        0x0 build/default/debug/FreeRTOS/Source/croutine.o
 .bss           0x0000000000000000        0x0 build/default/debug/FreeRTOS/Source/croutine.o
 .text.xCoRoutineCreate
                0x0000000000000000       0xf2 build/default/debug/FreeRTOS/Source/croutine.o
 .text.vCoRoutineAddToDelayedList
                0x0000000000000000       0x86 build/default/debug/FreeRTOS/Source/croutine.o
 .text.vCoRoutineSchedule
                0x0000000000000000      0x2a4 build/default/debug/FreeRTOS/Source/croutine.o
 .text.xCoRoutineRemoveFromEventList
                0x0000000000000000       0x48 build/default/debug/FreeRTOS/Source/croutine.o
 .bss.xPassedTicks
                0x0000000000000000        0x2 build/default/debug/FreeRTOS/Source/croutine.o
 .bss.xLastTickCount
                0x0000000000000000        0x2 build/default/debug/FreeRTOS/Source/croutine.o
 .bss.xCoRoutineTickCount
                0x0000000000000000        0x2 build/default/debug/FreeRTOS/Source/croutine.o
 .bss.uxTopCoRoutineReadyPriority
                0x0000000000000000        0x1 build/default/debug/FreeRTOS/Source/croutine.o
 .bss.pxCurrentCoRoutine
                0x0000000000000000        0x2 build/default/debug/FreeRTOS/Source/croutine.o
 .bss.xPendingReadyCoRoutineList
                0x0000000000000000        0x9 build/default/debug/FreeRTOS/Source/croutine.o
 .bss.pxOverflowDelayedCoRoutineList
                0x0000000000000000        0x2 build/default/debug/FreeRTOS/Source/croutine.o
 .bss.pxDelayedCoRoutineList
                0x0000000000000000        0x2 build/default/debug/FreeRTOS/Source/croutine.o
 .bss.xDelayedCoRoutineList2
                0x0000000000000000        0x9 build/default/debug/FreeRTOS/Source/croutine.o
 .bss.xDelayedCoRoutineList1
                0x0000000000000000        0x9 build/default/debug/FreeRTOS/Source/croutine.o
 .bss.pxReadyCoRoutineLists
                0x0000000000000000       0x12 build/default/debug/FreeRTOS/Source/croutine.o
 .debug_info    0x0000000000000000      0x789 build/default/debug/FreeRTOS/Source/croutine.o
 .debug_abbrev  0x0000000000000000      0x255 build/default/debug/FreeRTOS/Source/croutine.o
 .debug_loc     0x0000000000000000      0x468 build/default/debug/FreeRTOS/Source/croutine.o
 .debug_aranges
                0x0000000000000000       0x38 build/default/debug/FreeRTOS/Source/croutine.o
 .debug_ranges  0x0000000000000000       0x58 build/default/debug/FreeRTOS/Source/croutine.o
 .debug_line    0x0000000000000000      0x356 build/default/debug/FreeRTOS/Source/croutine.o
 .debug_str     0x0000000000000000      0x52d build/default/debug/FreeRTOS/Source/croutine.o
 .comment       0x0000000000000000       0x31 build/default/debug/FreeRTOS/Source/croutine.o
 .debug_frame   0x0000000000000000       0xc0 build/default/debug/FreeRTOS/Source/croutine.o
 .text          0x0000000000000000        0x0 build/default/debug/FreeRTOS/Source/event_groups.o
 .data          0x0000000000000000        0x0 build/default/debug/FreeRTOS/Source/event_groups.o
 .bss           0x0000000000000000        0x0 build/default/debug/FreeRTOS/Source/event_groups.o
 .text.xEventGroupCreate
                0x0000000000000000       0x26 build/default/debug/FreeRTOS/Source/event_groups.o
 .text.xEventGroupWaitBits
                0x0000000000000000      0x10a build/default/debug/FreeRTOS/Source/event_groups.o
 .text.xEventGroupClearBits
                0x0000000000000000       0x1e build/default/debug/FreeRTOS/Source/event_groups.o
 .text.xEventGroupGetBitsFromISR
                0x0000000000000000        0x8 build/default/debug/FreeRTOS/Source/event_groups.o
 .text.xEventGroupSetBits
                0x0000000000000000       0xb4 build/default/debug/FreeRTOS/Source/event_groups.o
 .text.xEventGroupSync
                0x0000000000000000       0xd2 build/default/debug/FreeRTOS/Source/event_groups.o
 .text.vEventGroupDelete
                0x0000000000000000       0x32 build/default/debug/FreeRTOS/Source/event_groups.o
 .text.vEventGroupSetBitsCallback
                0x0000000000000000        0x8 build/default/debug/FreeRTOS/Source/event_groups.o
 .text.vEventGroupClearBitsCallback
                0x0000000000000000        0x8 build/default/debug/FreeRTOS/Source/event_groups.o
 .debug_info    0x0000000000000000      0x939 build/default/debug/FreeRTOS/Source/event_groups.o
 .debug_abbrev  0x0000000000000000      0x235 build/default/debug/FreeRTOS/Source/event_groups.o
 .debug_loc     0x0000000000000000      0xc6e build/default/debug/FreeRTOS/Source/event_groups.o
 .debug_aranges
                0x0000000000000000       0x60 build/default/debug/FreeRTOS/Source/event_groups.o
 .debug_ranges  0x0000000000000000       0x88 build/default/debug/FreeRTOS/Source/event_groups.o
 .debug_line    0x0000000000000000      0x43e build/default/debug/FreeRTOS/Source/event_groups.o
 .debug_str     0x0000000000000000      0x5b4 build/default/debug/FreeRTOS/Source/event_groups.o
 .comment       0x0000000000000000       0x31 build/default/debug/FreeRTOS/Source/event_groups.o
 .debug_frame   0x0000000000000000      0x14c build/default/debug/FreeRTOS/Source/event_groups.o
 .text          0x0000000000000000        0x0 build/default/debug/FreeRTOS/Source/list.o
 .data          0x0000000000000000        0x0 build/default/debug/FreeRTOS/Source/list.o
 .bss           0x0000000000000000        0x0 build/default/debug/FreeRTOS/Source/list.o
 .text.vListInsertEnd
                0x0000000000000000       0x40 build/default/debug/FreeRTOS/Source/list.o
 .text.vListInsert
                0x0000000000000000       0x5e build/default/debug/FreeRTOS/Source/list.o
 .text          0x0000000000000000        0x0 build/default/debug/FreeRTOS/Source/queue.o
 .data          0x0000000000000000        0x0 build/default/debug/FreeRTOS/Source/queue.o
 .bss           0x0000000000000000        0x0 build/default/debug/FreeRTOS/Source/queue.o
 .text.prvIsQueueEmpty
                0x0000000000000000       0x16 build/default/debug/FreeRTOS/Source/queue.o
 .text.prvCopyDataToQueue
                0x0000000000000000       0x98 build/default/debug/FreeRTOS/Source/queue.o
 .text.prvCopyDataFromQueue
                0x0000000000000000       0x34 build/default/debug/FreeRTOS/Source/queue.o
 .text.prvUnlockQueue
                0x0000000000000000       0x9e build/default/debug/FreeRTOS/Source/queue.o
 .text.xQueueGenericReset
                0x0000000000000000       0xae build/default/debug/FreeRTOS/Source/queue.o
 .text.xQueueGenericCreate
                0x0000000000000000       0x6e build/default/debug/FreeRTOS/Source/queue.o
 .text.xQueueGenericSend
                0x0000000000000000      0x14c build/default/debug/FreeRTOS/Source/queue.o
 .text.xQueueGenericSendFromISR
                0x0000000000000000       0x78 build/default/debug/FreeRTOS/Source/queue.o
 .text.xQueueGiveFromISR
                0x0000000000000000       0x6a build/default/debug/FreeRTOS/Source/queue.o
 .text.xQueueReceive
                0x0000000000000000      0x13a build/default/debug/FreeRTOS/Source/queue.o
 .text.xQueueSemaphoreTake
                0x0000000000000000      0x122 build/default/debug/FreeRTOS/Source/queue.o
 .text.xQueuePeek
                0x0000000000000000      0x13a build/default/debug/FreeRTOS/Source/queue.o
 .text.xQueueReceiveFromISR
                0x0000000000000000       0x78 build/default/debug/FreeRTOS/Source/queue.o
 .text.xQueuePeekFromISR
                0x0000000000000000       0x2e build/default/debug/FreeRTOS/Source/queue.o
 .text.uxQueueMessagesWaiting
                0x0000000000000000       0x10 build/default/debug/FreeRTOS/Source/queue.o
 .text.uxQueueSpacesAvailable
                0x0000000000000000       0x14 build/default/debug/FreeRTOS/Source/queue.o
 .text.uxQueueMessagesWaitingFromISR
                0x0000000000000000        0x6 build/default/debug/FreeRTOS/Source/queue.o
 .text.vQueueDelete
                0x0000000000000000        0x6 build/default/debug/FreeRTOS/Source/queue.o
 .text.xQueueIsQueueEmptyFromISR
                0x0000000000000000        0xc build/default/debug/FreeRTOS/Source/queue.o
 .text.xQueueIsQueueFullFromISR
                0x0000000000000000        0xe build/default/debug/FreeRTOS/Source/queue.o
 .text.xQueueCRSend
                0x0000000000000000       0x72 build/default/debug/FreeRTOS/Source/queue.o
 .text.xQueueCRReceive
                0x0000000000000000       0x92 build/default/debug/FreeRTOS/Source/queue.o
 .text.xQueueCRSendFromISR
                0x0000000000000000       0x40 build/default/debug/FreeRTOS/Source/queue.o
 .text.xQueueCRReceiveFromISR
                0x0000000000000000       0x80 build/default/debug/FreeRTOS/Source/queue.o
 .debug_info    0x0000000000000000     0x1818 build/default/debug/FreeRTOS/Source/queue.o
 .debug_abbrev  0x0000000000000000      0x2ad build/default/debug/FreeRTOS/Source/queue.o
 .debug_loc     0x0000000000000000     0x1f79 build/default/debug/FreeRTOS/Source/queue.o
 .debug_aranges
                0x0000000000000000       0xd8 build/default/debug/FreeRTOS/Source/queue.o
 .debug_ranges  0x0000000000000000      0x190 build/default/debug/FreeRTOS/Source/queue.o
 .debug_line    0x0000000000000000      0xce4 build/default/debug/FreeRTOS/Source/queue.o
 .debug_str     0x0000000000000000      0x87d build/default/debug/FreeRTOS/Source/queue.o
 .comment       0x0000000000000000       0x31 build/default/debug/FreeRTOS/Source/queue.o
 .debug_frame   0x0000000000000000      0x35c build/default/debug/FreeRTOS/Source/queue.o
 .text          0x0000000000000000        0x0 build/default/debug/FreeRTOS/Source/stream_buffer.o
 .data          0x0000000000000000        0x0 build/default/debug/FreeRTOS/Source/stream_buffer.o
 .bss           0x0000000000000000        0x0 build/default/debug/FreeRTOS/Source/stream_buffer.o
 .text.prvBytesInBuffer
                0x0000000000000000       0x26 build/default/debug/FreeRTOS/Source/stream_buffer.o
 .text.prvWriteBytesToBuffer
                0x0000000000000000       0x8a build/default/debug/FreeRTOS/Source/stream_buffer.o
 .text.prvWriteMessageToBuffer
                0x0000000000000000       0x94 build/default/debug/FreeRTOS/Source/stream_buffer.o
 .text.prvReadBytesFromBuffer
                0x0000000000000000       0x8a build/default/debug/FreeRTOS/Source/stream_buffer.o
 .text.prvReadMessageFromBuffer
                0x0000000000000000       0x94 build/default/debug/FreeRTOS/Source/stream_buffer.o
 .text.xStreamBufferGenericCreate
                0x0000000000000000       0x68 build/default/debug/FreeRTOS/Source/stream_buffer.o
 .text.vStreamBufferDelete
                0x0000000000000000       0x18 build/default/debug/FreeRTOS/Source/stream_buffer.o
 .text.xStreamBufferReset
                0x0000000000000000       0x5e build/default/debug/FreeRTOS/Source/stream_buffer.o
 .text.xStreamBufferSetTriggerLevel
                0x0000000000000000       0x22 build/default/debug/FreeRTOS/Source/stream_buffer.o
 .text.xStreamBufferSpacesAvailable
                0x0000000000000000       0x3c build/default/debug/FreeRTOS/Source/stream_buffer.o
 .text.xStreamBufferBytesAvailable
                0x0000000000000000        0x6 build/default/debug/FreeRTOS/Source/stream_buffer.o
 .text.xStreamBufferSend
                0x0000000000000000      0x174 build/default/debug/FreeRTOS/Source/stream_buffer.o
 .text.xStreamBufferSendFromISR
                0x0000000000000000       0x8c build/default/debug/FreeRTOS/Source/stream_buffer.o
 .text.xStreamBufferReceive
                0x0000000000000000      0x106 build/default/debug/FreeRTOS/Source/stream_buffer.o
 .text.xStreamBufferNextMessageLengthBytes
                0x0000000000000000       0x54 build/default/debug/FreeRTOS/Source/stream_buffer.o
 .text.xStreamBufferReceiveFromISR
                0x0000000000000000       0x88 build/default/debug/FreeRTOS/Source/stream_buffer.o
 .text.xStreamBufferIsEmpty
                0x0000000000000000       0x16 build/default/debug/FreeRTOS/Source/stream_buffer.o
 .text.xStreamBufferIsFull
                0x0000000000000000       0x2a build/default/debug/FreeRTOS/Source/stream_buffer.o
 .text.xStreamBufferSendCompletedFromISR
                0x0000000000000000       0x4c build/default/debug/FreeRTOS/Source/stream_buffer.o
 .text.xStreamBufferReceiveCompletedFromISR
                0x0000000000000000       0x4c build/default/debug/FreeRTOS/Source/stream_buffer.o
 .debug_info    0x0000000000000000     0x1309 build/default/debug/FreeRTOS/Source/stream_buffer.o
 .debug_abbrev  0x0000000000000000      0x23b build/default/debug/FreeRTOS/Source/stream_buffer.o
 .debug_loc     0x0000000000000000     0x1f5e build/default/debug/FreeRTOS/Source/stream_buffer.o
 .debug_aranges
                0x0000000000000000       0xb8 build/default/debug/FreeRTOS/Source/stream_buffer.o
 .debug_ranges  0x0000000000000000       0xd0 build/default/debug/FreeRTOS/Source/stream_buffer.o
 .debug_line    0x0000000000000000      0x7ae build/default/debug/FreeRTOS/Source/stream_buffer.o
 .debug_str     0x0000000000000000      0x82b build/default/debug/FreeRTOS/Source/stream_buffer.o
 .comment       0x0000000000000000       0x31 build/default/debug/FreeRTOS/Source/stream_buffer.o
 .debug_frame   0x0000000000000000      0x3d4 build/default/debug/FreeRTOS/Source/stream_buffer.o
 .text          0x0000000000000000        0x0 build/default/debug/FreeRTOS/Source/tasks.o
 .data          0x0000000000000000        0x0 build/default/debug/FreeRTOS/Source/tasks.o
 .bss           0x0000000000000000        0x0 build/default/debug/FreeRTOS/Source/tasks.o
 .text.prvAddCurrentTaskToDelayedList
                0x0000000000000000       0x88 build/default/debug/FreeRTOS/Source/tasks.o
 .text.vTaskDelete
                0x0000000000000000       0xbe build/default/debug/FreeRTOS/Source/tasks.o
 .text.vTaskEndScheduler
                0x0000000000000000        0xc build/default/debug/FreeRTOS/Source/tasks.o
 .text.xTaskGetTickCount
                0x0000000000000000       0x14 build/default/debug/FreeRTOS/Source/tasks.o
 .text.xTaskGetTickCountFromISR
                0x0000000000000000        0xa build/default/debug/FreeRTOS/Source/tasks.o
 .text.uxTaskGetNumberOfTasks
                0x0000000000000000        0x6 build/default/debug/FreeRTOS/Source/tasks.o
 .text.pcTaskGetName
                0x0000000000000000       0x12 build/default/debug/FreeRTOS/Source/tasks.o
 .text.xTaskDelayUntil
                0x0000000000000000       0x8c build/default/debug/FreeRTOS/Source/tasks.o
 .text.vTaskDelay
                0x0000000000000000       0x28 build/default/debug/FreeRTOS/Source/tasks.o
 .text.xTaskCatchUpTicks
                0x0000000000000000       0x32 build/default/debug/FreeRTOS/Source/tasks.o
 .text.vTaskPlaceOnEventList
                0x0000000000000000       0x24 build/default/debug/FreeRTOS/Source/tasks.o
 .text.vTaskPlaceOnUnorderedEventList
                0x0000000000000000       0x8c build/default/debug/FreeRTOS/Source/tasks.o
 .text.xTaskRemoveFromEventList
                0x0000000000000000      0x180 build/default/debug/FreeRTOS/Source/tasks.o
 .text.vTaskRemoveFromUnorderedEventList
                0x0000000000000000      0x156 build/default/debug/FreeRTOS/Source/tasks.o
 .text.vTaskSetTimeOutState
                0x0000000000000000       0x20 build/default/debug/FreeRTOS/Source/tasks.o
 .text.vTaskInternalSetTimeOutState
                0x0000000000000000       0x16 build/default/debug/FreeRTOS/Source/tasks.o
 .text.xTaskCheckForTimeOut
                0x0000000000000000       0x62 build/default/debug/FreeRTOS/Source/tasks.o
 .text.vTaskMissedYield
                0x0000000000000000        0x8 build/default/debug/FreeRTOS/Source/tasks.o
 .text.xTaskGetCurrentTaskHandle
                0x0000000000000000        0xa build/default/debug/FreeRTOS/Source/tasks.o
 .text.uxTaskResetEventItemValue
                0x0000000000000000       0x2e build/default/debug/FreeRTOS/Source/tasks.o
 .text.ulTaskGenericNotifyTake
                0x0000000000000000      0x10a build/default/debug/FreeRTOS/Source/tasks.o
 .text.xTaskGenericNotifyWait
                0x0000000000000000      0x146 build/default/debug/FreeRTOS/Source/tasks.o
 .text.xTaskGenericNotify
                0x0000000000000000      0x204 build/default/debug/FreeRTOS/Source/tasks.o
 .text.xTaskGenericNotifyFromISR
                0x0000000000000000      0x258 build/default/debug/FreeRTOS/Source/tasks.o
 .text.vTaskGenericNotifyGiveFromISR
                0x0000000000000000      0x19a build/default/debug/FreeRTOS/Source/tasks.o
 .text.xTaskGenericNotifyStateClear
                0x0000000000000000       0x30 build/default/debug/FreeRTOS/Source/tasks.o
 .text.ulTaskGenericNotifyValueClear
                0x0000000000000000       0x62 build/default/debug/FreeRTOS/Source/tasks.o
 .text          0x0000000000000000        0x0 build/default/debug/FreeRTOS/Source/timers.o
 .data          0x0000000000000000        0x0 build/default/debug/FreeRTOS/Source/timers.o
 .bss           0x0000000000000000        0x0 build/default/debug/FreeRTOS/Source/timers.o
 .debug_info    0x0000000000000000       0x9f build/default/debug/FreeRTOS/Source/timers.o
 .debug_abbrev  0x0000000000000000       0x4d build/default/debug/FreeRTOS/Source/timers.o
 .debug_aranges
                0x0000000000000000       0x18 build/default/debug/FreeRTOS/Source/timers.o
 .debug_line    0x0000000000000000       0xa6 build/default/debug/FreeRTOS/Source/timers.o
 .debug_str     0x0000000000000000      0x19e build/default/debug/FreeRTOS/Source/timers.o
 .comment       0x0000000000000000       0x31 build/default/debug/FreeRTOS/Source/timers.o
 .text          0x0000000000000000        0x0 build/default/debug/FreeRTOS/Source/portable/GCC/ATMega328/port.o
 .data          0x0000000000000000        0x0 build/default/debug/FreeRTOS/Source/portable/GCC/ATMega328/port.o
 .bss           0x0000000000000000        0x0 build/default/debug/FreeRTOS/Source/portable/GCC/ATMega328/port.o
 .text.vPortEndScheduler
                0x0000000000000000        0x2 build/default/debug/FreeRTOS/Source/portable/GCC/ATMega328/port.o
 .text          0x0000000000000000        0x0 build/default/debug/FreeRTOS/Source/portable/MemMang/heap_3.o
 .data          0x0000000000000000        0x0 build/default/debug/FreeRTOS/Source/portable/MemMang/heap_3.o
 .bss           0x0000000000000000        0x0 build/default/debug/FreeRTOS/Source/portable/MemMang/heap_3.o
 .text          0x0000000000000000        0x0 c:/dev/avr8-gnu-toolchain-win32_x86_64/bin/../lib/gcc/avr/7.3.0/avr5\libgcc.a(_exit.o)
 .data          0x0000000000000000        0x0 c:/dev/avr8-gnu-toolchain-win32_x86_64/bin/../lib/gcc/avr/7.3.0/avr5\libgcc.a(_exit.o)
 .bss           0x0000000000000000        0x0 c:/dev/avr8-gnu-toolchain-win32_x86_64/bin/../lib/gcc/avr/7.3.0/avr5\libgcc.a(_exit.o)
 .text.libgcc.mul
                0x0000000000000000        0x0 c:/dev/avr8-gnu-toolchain-win32_x86_64/bin/../lib/gcc/avr/7.3.0/avr5\libgcc.a(_exit.o)
 .text.libgcc.div
                0x0000000000000000        0x0 c:/dev/avr8-gnu-toolchain-win32_x86_64/bin/../lib/gcc/avr/7.3.0/avr5\libgcc.a(_exit.o)
 .text.libgcc   0x0000000000000000        0x0 c:/dev/avr8-gnu-toolchain-win32_x86_64/bin/../lib/gcc/avr/7.3.0/avr5\libgcc.a(_exit.o)
 .text.libgcc.prologue
                0x0000000000000000        0x0 c:/dev/avr8-gnu-toolchain-win32_x86_64/bin/../lib/gcc/avr/7.3.0/avr5\libgcc.a(_exit.o)
 .text.libgcc.builtins
                0x0000000000000000        0x0 c:/dev/avr8-gnu-toolchain-win32_x86_64/bin/../lib/gcc/avr/7.3.0/avr5\libgcc.a(_exit.o)
 .text.libgcc.fmul
                0x0000000000000000        0x0 c:/dev/avr8-gnu-toolchain-win32_x86_64/bin/../lib/gcc/avr/7.3.0/avr5\libgcc.a(_exit.o)
 .text.libgcc.fixed
                0x0000000000000000        0x0 c:/dev/avr8-gnu-toolchain-win32_x86_64/bin/../lib/gcc/avr/7.3.0/avr5\libgcc.a(_exit.o)
 .text          0x0000000000000000        0x0 c:/dev/avr8-gnu-toolchain-win32_x86_64/bin/../lib/gcc/avr/7.3.0/avr5\libgcc.a(_copy_data.o)
 .data          0x0000000000000000        0x0 c:/dev/avr8-gnu-toolchain-win32_x86_64/bin/../lib/gcc/avr/7.3.0/avr5\libgcc.a(_copy_data.o)
 .bss           0x0000000000000000        0x0 c:/dev/avr8-gnu-toolchain-win32_x86_64/bin/../lib/gcc/avr/7.3.0/avr5\libgcc.a(_copy_data.o)
 .text.libgcc.mul
                0x0000000000000000        0x0 c:/dev/avr8-gnu-toolchain-win32_x86_64/bin/../lib/gcc/avr/7.3.0/avr5\libgcc.a(_copy_data.o)
 .text.libgcc.div
                0x0000000000000000        0x0 c:/dev/avr8-gnu-toolchain-win32_x86_64/bin/../lib/gcc/avr/7.3.0/avr5\libgcc.a(_copy_data.o)
 .text.libgcc   0x0000000000000000        0x0 c:/dev/avr8-gnu-toolchain-win32_x86_64/bin/../lib/gcc/avr/7.3.0/avr5\libgcc.a(_copy_data.o)
 .text.libgcc.prologue
                0x0000000000000000        0x0 c:/dev/avr8-gnu-toolchain-win32_x86_64/bin/../lib/gcc/avr/7.3.0/avr5\libgcc.a(_copy_data.o)
 .text.libgcc.builtins
                0x0000000000000000        0x0 c:/dev/avr8-gnu-toolchain-win32_x86_64/bin/../lib/gcc/avr/7.3.0/avr5\libgcc.a(_copy_data.o)
 .text.libgcc.fmul
                0x0000000000000000        0x0 c:/dev/avr8-gnu-toolchain-win32_x86_64/bin/../lib/gcc/avr/7.3.0/avr5\libgcc.a(_copy_data.o)
 .text.libgcc.fixed
                0x0000000000000000        0x0 c:/dev/avr8-gnu-toolchain-win32_x86_64/bin/../lib/gcc/avr/7.3.0/avr5\libgcc.a(_copy_data.o)
 .text          0x0000000000000000        0x0 c:/dev/avr8-gnu-toolchain-win32_x86_64/bin/../lib/gcc/avr/7.3.0/avr5\libgcc.a(_clear_bss.o)
 .data          0x0000000000000000        0x0 c:/dev/avr8-gnu-toolchain-win32_x86_64/bin/../lib/gcc/avr/7.3.0/avr5\libgcc.a(_clear_bss.o)
 .bss           0x0000000000000000        0x0 c:/dev/avr8-gnu-toolchain-win32_x86_64/bin/../lib/gcc/avr/7.3.0/avr5\libgcc.a(_clear_bss.o)
 .text.libgcc.mul
                0x0000000000000000        0x0 c:/dev/avr8-gnu-toolchain-win32_x86_64/bin/../lib/gcc/avr/7.3.0/avr5\libgcc.a(_clear_bss.o)
 .text.libgcc.div
                0x0000000000000000        0x0 c:/dev/avr8-gnu-toolchain-win32_x86_64/bin/../lib/gcc/avr/7.3.0/avr5\libgcc.a(_clear_bss.o)
 .text.libgcc   0x0000000000000000        0x0 c:/dev/avr8-gnu-toolchain-win32_x86_64/bin/../lib/gcc/avr/7.3.0/avr5\libgcc.a(_clear_bss.o)
 .text.libgcc.prologue
                0x0000000000000000        0x0 c:/dev/avr8-gnu-toolchain-win32_x86_64/bin/../lib/gcc/avr/7.3.0/avr5\libgcc.a(_clear_bss.o)
 .text.libgcc.builtins
                0x0000000000000000        0x0 c:/dev/avr8-gnu-toolchain-win32_x86_64/bin/../lib/gcc/avr/7.3.0/avr5\libgcc.a(_clear_bss.o)
 .text.libgcc.fmul
                0x0000000000000000        0x0 c:/dev/avr8-gnu-toolchain-win32_x86_64/bin/../lib/gcc/avr/7.3.0/avr5\libgcc.a(_clear_bss.o)
 .text.libgcc.fixed
                0x0000000000000000        0x0 c:/dev/avr8-gnu-toolchain-win32_x86_64/bin/../lib/gcc/avr/7.3.0/avr5\libgcc.a(_clear_bss.o)
 .text          0x0000000000000000        0x0 c:/dev/avr8-gnu-toolchain-win32_x86_64/bin/../lib/gcc/avr/7.3.0/../../../../avr/lib/avr5\libc.a(malloc.o)
 .bss           0x0000000000000000        0x0 c:/dev/avr8-gnu-toolchain-win32_x86_64/bin/../lib/gcc/avr/7.3.0/../../../../avr/lib/avr5\libc.a(malloc.o)
 .text          0x0000000000000000        0x0 c:/dev/avr8-gnu-toolchain-win32_x86_64/bin/../lib/gcc/avr/7.3.0/../../../../avr/lib/avr5\libc.a(memcpy.o)
 .data          0x0000000000000000        0x0 c:/dev/avr8-gnu-toolchain-win32_x86_64/bin/../lib/gcc/avr/7.3.0/../../../../avr/lib/avr5\libc.a(memcpy.o)
 .bss           0x0000000000000000        0x0 c:/dev/avr8-gnu-toolchain-win32_x86_64/bin/../lib/gcc/avr/7.3.0/../../../../avr/lib/avr5\libc.a(memcpy.o)
 .text.avr-libc
                0x0000000000000000       0x12 c:/dev/avr8-gnu-toolchain-win32_x86_64/bin/../lib/gcc/avr/7.3.0/../../../../avr/lib/avr5\libc.a(memcpy.o)

Memory Configuration

Name             Origin             Length             Attributes
text             0x0000000000000000 0x0000000000008000 xr
data             0x0000000000800100 0x0000000000000800 rw !x
eeprom           0x0000000000810000 0x0000000000000400 rw !x
fuse             0x0000000000820000 0x0000000000000003 rw !x
lock             0x0000000000830000 0x0000000000000400 rw !x
signature        0x0000000000840000 0x0000000000000400 rw !x
user_signatures  0x0000000000850000 0x0000000000000400 rw !x
*default*        0x0000000000000000 0xffffffffffffffff

Linker script and memory map

Address of section .data set to 0x800100
LOAD C:/Program Files/Microchip/MPLABX/v6.10/packs/Microchip/ATmega_DFP/3.0.158/gcc/dev/atmega328p/avr5/crtatmega328p.o
LOAD build/default/debug/mcc_generated_files/system/src/cpuint.o
LOAD build/default/debug/mcc_generated_files/system/src/cpu.o
LOAD build/default/debug/mcc_generated_files/system/src/system.o
LOAD build/default/debug/main.o
LOAD build/default/debug/mcc_generated_files/system/src/protected_io.o
LOAD build/default/debug/mcc_generated_files/system/src/config_bits.o
LOAD build/default/debug/mcc_generated_files/system/src/pins.o
LOAD build/default/debug/FreeRTOS/Source/croutine.o
LOAD build/default/debug/FreeRTOS/Source/event_groups.o
LOAD build/default/debug/FreeRTOS/Source/list.o
LOAD build/default/debug/FreeRTOS/Source/queue.o
LOAD build/default/debug/FreeRTOS/Source/stream_buffer.o
LOAD build/default/debug/FreeRTOS/Source/tasks.o
LOAD build/default/debug/FreeRTOS/Source/timers.o
LOAD build/default/debug/FreeRTOS/Source/portable/GCC/ATMega328/port.o
LOAD build/default/debug/FreeRTOS/Source/portable/MemMang/heap_3.o
                0x0000000000000001                __MPLAB_BUILD = 0x1
                0x0000000000000001                __ICD2RAM = 0x1
                0x0000000000000001                __MPLAB_DEBUG = 0x1
                0x0000000000000001                __DEBUG = 0x1
START GROUP
LOAD c:/dev/avr8-gnu-toolchain-win32_x86_64/bin/../lib/gcc/avr/7.3.0/../../../../avr/lib/avr5\libm.a
END GROUP
START GROUP
LOAD c:/dev/avr8-gnu-toolchain-win32_x86_64/bin/../lib/gcc/avr/7.3.0/avr5\libgcc.a
LOAD c:/dev/avr8-gnu-toolchain-win32_x86_64/bin/../lib/gcc/avr/7.3.0/../../../../avr/lib/avr5\libm.a
LOAD c:/dev/avr8-gnu-toolchain-win32_x86_64/bin/../lib/gcc/avr/7.3.0/../../../../avr/lib/avr5\libc.a
LOAD C:/Program Files/Microchip/MPLABX/v6.10/packs/Microchip/ATmega_DFP/3.0.158/gcc/dev/atmega328p/avr5\libatmega328p.a
END GROUP
                0x0000000000000000                __TEXT_REGION_ORIGIN__ = DEFINED (__TEXT_REGION_ORIGIN__)?__TEXT_REGION_ORIGIN__:0x0
                [0x0000000000800100]                __DATA_REGION_ORIGIN__ = DEFINED (__DATA_REGION_ORIGIN__)?__DATA_REGION_ORIGIN__:0x800060
                [0x0000000000008000]                __TEXT_REGION_LENGTH__ = DEFINED (__TEXT_REGION_LENGTH__)?__TEXT_REGION_LENGTH__:0x20000
                [0x0000000000000800]                __DATA_REGION_LENGTH__ = DEFINED (__DATA_REGION_LENGTH__)?__DATA_REGION_LENGTH__:0xffa0
                [0x0000000000000400]                __EEPROM_REGION_LENGTH__ = DEFINED (__EEPROM_REGION_LENGTH__)?__EEPROM_REGION_LENGTH__:0x10000
                [0x0000000000000003]                __FUSE_REGION_LENGTH__ = DEFINED (__FUSE_REGION_LENGTH__)?__FUSE_REGION_LENGTH__:0x400
                0x0000000000000400                __LOCK_REGION_LENGTH__ = DEFINED (__LOCK_REGION_LENGTH__)?__LOCK_REGION_LENGTH__:0x400
                0x0000000000000400                __SIGNATURE_REGION_LENGTH__ = DEFINED (__SIGNATURE_REGION_LENGTH__)?__SIGNATURE_REGION_LENGTH__:0x400
                0x0000000000000400                __USER_SIGNATURE_REGION_LENGTH__ = DEFINED (__USER_SIGNATURE_REGION_LENGTH__)?__USER_SIGNATURE_REGION_LENGTH__:0x400

.hash
 *(.hash)

.dynsym
 *(.dynsym)

.dynstr
 *(.dynstr)

.gnu.version
 *(.gnu.version)

.gnu.version_d
 *(.gnu.version_d)

.gnu.version_r
 *(.gnu.version_r)

.rel.init
 *(.rel.init)

.rela.init
 *(.rela.init)

.rel.text
 *(.rel.text)
 *(.rel.text.*)
 *(.rel.gnu.linkonce.t*)

.rela.text
 *(.rela.text)
 *(.rela.text.*)
 *(.rela.gnu.linkonce.t*)

.rel.fini
 *(.rel.fini)

.rela.fini
 *(.rela.fini)

.rel.rodata
 *(.rel.rodata)
 *(.rel.rodata.*)
 *(.rel.gnu.linkonce.r*)

.rela.rodata
 *(.rela.rodata)
 *(.rela.rodata.*)
 *(.rela.gnu.linkonce.r*)

.rel.data
 *(.rel.data)
 *(.rel.data.*)
 *(.rel.gnu.linkonce.d*)

.rela.data
 *(.rela.data)
 *(.rela.data.*)
 *(.rela.gnu.linkonce.d*)

.rel.ctors
 *(.rel.ctors)

.rela.ctors
 *(.rela.ctors)

.rel.dtors
 *(.rel.dtors)

.rela.dtors
 *(.rela.dtors)

.rel.got
 *(.rel.got)

.rela.got
 *(.rela.got)

.rel.bss
 *(.rel.bss)

.rela.bss
 *(.rela.bss)

.rel.plt
 *(.rel.plt)

.rela.plt
 *(.rela.plt)

.text           0x0000000000000000      0xf12
 *(.vectors)
 .vectors       0x0000000000000000       0x68 C:/Program Files/Microchip/MPLABX/v6.10/packs/Microchip/ATmega_DFP/3.0.158/gcc/dev/atmega328p/avr5/crtatmega328p.o
                0x0000000000000000                __vector_default
                0x0000000000000000                __vectors
 *(.vectors)
 *(.progmem.gcc*)
                0x0000000000000068                . = ALIGN (0x2)
                0x0000000000000068                __trampolines_start = .
 *(.trampolines)
 .trampolines   0x0000000000000068        0x0 linker stubs
 *(.trampolines*)
                0x0000000000000068                __trampolines_end = .
 *libprintf_flt.a:*(.progmem.data)
 *libc.a:*(.progmem.data)
 *(.progmem*)
                0x0000000000000068                . = ALIGN (0x2)
 *(.jumptables)
 *(.jumptables*)
 *(.lowtext)
 *(.lowtext*)
                0x0000000000000068                __ctors_start = .
 *(.ctors)
                0x0000000000000068                __ctors_end = .
                0x0000000000000068                __dtors_start = .
 *(.dtors)
                0x0000000000000068                __dtors_end = .
 SORT(*)(.ctors)
 SORT(*)(.dtors)
 *(.init0)
 .init0         0x0000000000000068        0x0 C:/Program Files/Microchip/MPLABX/v6.10/packs/Microchip/ATmega_DFP/3.0.158/gcc/dev/atmega328p/avr5/crtatmega328p.o
                0x0000000000000068                __init
 *(.init0)
 *(.init1)
 *(.init1)
 *(.init2)
 .init2         0x0000000000000068        0xc C:/Program Files/Microchip/MPLABX/v6.10/packs/Microchip/ATmega_DFP/3.0.158/gcc/dev/atmega328p/avr5/crtatmega328p.o
 *(.init2)
 *(.init3)
 *(.init3)
 *(.init4)
 .init4         0x0000000000000074       0x16 c:/dev/avr8-gnu-toolchain-win32_x86_64/bin/../lib/gcc/avr/7.3.0/avr5\libgcc.a(_copy_data.o)
                0x0000000000000074                __do_copy_data
 .init4         0x000000000000008a       0x10 c:/dev/avr8-gnu-toolchain-win32_x86_64/bin/../lib/gcc/avr/7.3.0/avr5\libgcc.a(_clear_bss.o)
                0x000000000000008a                __do_clear_bss
 *(.init4)
 *(.init5)
 *(.init5)
 *(.init6)
 *(.init6)
 *(.init7)
 *(.init7)
 *(.init8)
 *(.init8)
 *(.init9)
 .init9         0x000000000000009a        0x8 C:/Program Files/Microchip/MPLABX/v6.10/packs/Microchip/ATmega_DFP/3.0.158/gcc/dev/atmega328p/avr5/crtatmega328p.o
 *(.init9)
 *(.text)
 .text          0x00000000000000a2        0x4 C:/Program Files/Microchip/MPLABX/v6.10/packs/Microchip/ATmega_DFP/3.0.158/gcc/dev/atmega328p/avr5/crtatmega328p.o
                0x00000000000000a2                __vector_22
                0x00000000000000a2                __vector_1
                0x00000000000000a2                __vector_24
                0x00000000000000a2                __vector_12
                0x00000000000000a2                __bad_interrupt
                0x00000000000000a2                __vector_6
                0x00000000000000a2                __vector_3
                0x00000000000000a2                __vector_23
                0x00000000000000a2                __vector_25
                0x00000000000000a2                __vector_13
                0x00000000000000a2                __vector_17
                0x00000000000000a2                __vector_19
                0x00000000000000a2                __vector_7
                0x00000000000000a2                __vector_5
                0x00000000000000a2                __vector_4
                0x00000000000000a2                __vector_9
                0x00000000000000a2                __vector_2
                0x00000000000000a2                __vector_21
                0x00000000000000a2                __vector_15
                0x00000000000000a2                __vector_8
                0x00000000000000a2                __vector_14
                0x00000000000000a2                __vector_10
                0x00000000000000a2                __vector_16
                0x00000000000000a2                __vector_18
                0x00000000000000a2                __vector_20
                0x00000000000000a6                . = ALIGN (0x2)
 *(.text.*)
 .text.CPUINT_Initialize
                0x00000000000000a6        0x8 build/default/debug/mcc_generated_files/system/src/cpuint.o
                0x00000000000000a6                CPUINT_Initialize
 .text.CPU_Initialize
                0x00000000000000ae        0xe build/default/debug/mcc_generated_files/system/src/cpu.o
                0x00000000000000ae                CPU_Initialize
 .text.SYSTEM_Initialize
                0x00000000000000bc        0xe build/default/debug/mcc_generated_files/system/src/system.o
                0x00000000000000bc                SYSTEM_Initialize
 .text.TaskBlink1
                0x00000000000000ca        0x2 build/default/debug/main.o
                0x00000000000000ca                TaskBlink1
 .text.main     0x00000000000000cc       0x34 build/default/debug/main.o
                0x00000000000000cc                main
 .text.PIN_MANAGER_Initialize
                0x0000000000000100       0x14 build/default/debug/mcc_generated_files/system/src/pins.o
                0x0000000000000100                PIN_MANAGER_Initialize
 .text.vListInitialise
                0x0000000000000114       0x1c build/default/debug/FreeRTOS/Source/list.o
                0x0000000000000114                vListInitialise
 .text.vListInitialiseItem
                0x0000000000000130        0x8 build/default/debug/FreeRTOS/Source/list.o
                0x0000000000000130                vListInitialiseItem
 .text.uxListRemove
                0x0000000000000138       0x50 build/default/debug/FreeRTOS/Source/list.o
                0x0000000000000138                uxListRemove
 .text.prvResetNextTaskUnblockTime
                0x0000000000000188       0x38 build/default/debug/FreeRTOS/Source/tasks.o
 .text.prvIdleTask
                0x00000000000001c0       0x6e build/default/debug/FreeRTOS/Source/tasks.o
 .text.xTaskCreate
                0x000000000000022e      0x252 build/default/debug/FreeRTOS/Source/tasks.o
                0x000000000000022e                xTaskCreate
 .text.vTaskStartScheduler
                0x0000000000000480       0x5a build/default/debug/FreeRTOS/Source/tasks.o
                0x0000000000000480                vTaskStartScheduler
 .text.vTaskSuspendAll
                0x00000000000004da        0xc build/default/debug/FreeRTOS/Source/tasks.o
                0x00000000000004da                vTaskSuspendAll
 .text.xTaskIncrementTick
                0x00000000000004e6      0x242 build/default/debug/FreeRTOS/Source/tasks.o
                0x00000000000004e6                xTaskIncrementTick
 .text.xTaskResumeAll
                0x0000000000000728      0x1cc build/default/debug/FreeRTOS/Source/tasks.o
                0x0000000000000728                xTaskResumeAll
 .text.vTaskSwitchContext
                0x00000000000008f4       0xcc build/default/debug/FreeRTOS/Source/tasks.o
                0x00000000000008f4                vTaskSwitchContext
 .text.pxPortInitialiseStack
                0x00000000000009c0       0xd8 build/default/debug/FreeRTOS/Source/portable/GCC/ATMega328/port.o
                0x00000000000009c0                pxPortInitialiseStack
 .text.xPortStartScheduler
                0x0000000000000a98       0x80 build/default/debug/FreeRTOS/Source/portable/GCC/ATMega328/port.o
                0x0000000000000a98                xPortStartScheduler
 .text.vPortYield
                0x0000000000000b18       0xb2 build/default/debug/FreeRTOS/Source/portable/GCC/ATMega328/port.o
                0x0000000000000b18                vPortYield
 .text.vPortYieldFromTick
                0x0000000000000bca       0xb8 build/default/debug/FreeRTOS/Source/portable/GCC/ATMega328/port.o
                0x0000000000000bca                vPortYieldFromTick
 .text.__vector_11
                0x0000000000000c82        0x6 build/default/debug/FreeRTOS/Source/portable/GCC/ATMega328/port.o
                0x0000000000000c82                __vector_11
 .text.pvPortMalloc
                0x0000000000000c88       0x1e build/default/debug/FreeRTOS/Source/portable/MemMang/heap_3.o
                0x0000000000000c88                pvPortMalloc
 .text.vPortFree
                0x0000000000000ca6       0x1e build/default/debug/FreeRTOS/Source/portable/MemMang/heap_3.o
                0x0000000000000ca6                vPortFree
 .text.avr-libc
                0x0000000000000cc4      0x24a c:/dev/avr8-gnu-toolchain-win32_x86_64/bin/../lib/gcc/avr/7.3.0/../../../../avr/lib/avr5\libc.a(malloc.o)
                0x0000000000000cc4                malloc
                0x0000000000000dfc                free
                0x0000000000000f0e                . = ALIGN (0x2)
 *(.fini9)
 .fini9         0x0000000000000f0e        0x0 c:/dev/avr8-gnu-toolchain-win32_x86_64/bin/../lib/gcc/avr/7.3.0/avr5\libgcc.a(_exit.o)
                0x0000000000000f0e                _exit
                0x0000000000000f0e                exit
 *(.fini9)
 *(.fini8)
 *(.fini8)
 *(.fini7)
 *(.fini7)
 *(.fini6)
 *(.fini6)
 *(.fini5)
 *(.fini5)
 *(.fini4)
 *(.fini4)
 *(.fini3)
 *(.fini3)
 *(.fini2)
 *(.fini2)
 *(.fini1)
 *(.fini1)
 *(.fini0)
 .fini0         0x0000000000000f0e        0x4 c:/dev/avr8-gnu-toolchain-win32_x86_64/bin/../lib/gcc/avr/7.3.0/avr5\libgcc.a(_exit.o)
 *(.fini0)
                0x0000000000000f12                _etext = .

.data           0x0000000000800100       0x12 load address 0x0000000000000f12
                0x0000000000800100                PROVIDE (__data_start, .)
 *(.data)
 .data          0x0000000000800100        0x6 c:/dev/avr8-gnu-toolchain-win32_x86_64/bin/../lib/gcc/avr/7.3.0/../../../../avr/lib/avr5\libc.a(malloc.o)
                0x0000000000800100                __malloc_heap_end
                0x0000000000800102                __malloc_heap_start
                0x0000000000800104                __malloc_margin
 *(.data*)
 .data.uxTopUsedPriority
                0x0000000000800106        0x1 build/default/debug/FreeRTOS/Source/tasks.o
                0x0000000000800106                uxTopUsedPriority
 *(.gnu.linkonce.d*)
 *(.rodata)
 *(.rodata*)
 .rodata.main.str1.1
                0x0000000000800107        0x6 build/default/debug/main.o
 .rodata.vTaskStartScheduler.str1.1
                0x000000000080010d        0x5 build/default/debug/FreeRTOS/Source/tasks.o
 *(.gnu.linkonce.r*)
                0x0000000000800112                . = ALIGN (0x2)
                0x0000000000800112                _edata = .
                0x0000000000800112                PROVIDE (__data_end, .)

.bss            0x0000000000800112       0x62
                0x0000000000800112                PROVIDE (__bss_start, .)
 *(.bss)
 *(.bss*)
 .bss.uxSchedulerSuspended
                0x0000000000800112        0x1 build/default/debug/FreeRTOS/Source/tasks.o
 .bss.xIdleTaskHandle
                0x0000000000800113        0x2 build/default/debug/FreeRTOS/Source/tasks.o
 .bss.xNextTaskUnblockTime
                0x0000000000800115        0x2 build/default/debug/FreeRTOS/Source/tasks.o
 .bss.uxTaskNumber
                0x0000000000800117        0x1 build/default/debug/FreeRTOS/Source/tasks.o
 .bss.xNumOfOverflows
                0x0000000000800118        0x1 build/default/debug/FreeRTOS/Source/tasks.o
 .bss.xYieldPending
                0x0000000000800119        0x1 build/default/debug/FreeRTOS/Source/tasks.o
 .bss.xPendedTicks
                0x000000000080011a        0x2 build/default/debug/FreeRTOS/Source/tasks.o
 .bss.xSchedulerRunning
                0x000000000080011c        0x1 build/default/debug/FreeRTOS/Source/tasks.o
 .bss.uxTopReadyPriority
                0x000000000080011d        0x1 build/default/debug/FreeRTOS/Source/tasks.o
 .bss.xTickCount
                0x000000000080011e        0x2 build/default/debug/FreeRTOS/Source/tasks.o
 .bss.uxCurrentNumberOfTasks
                0x0000000000800120        0x1 build/default/debug/FreeRTOS/Source/tasks.o
 .bss.uxDeletedTasksWaitingCleanUp
                0x0000000000800121        0x1 build/default/debug/FreeRTOS/Source/tasks.o
 .bss.xTasksWaitingTermination
                0x0000000000800122        0x9 build/default/debug/FreeRTOS/Source/tasks.o
 .bss.xPendingReadyList
                0x000000000080012b        0x9 build/default/debug/FreeRTOS/Source/tasks.o
 .bss.pxOverflowDelayedTaskList
                0x0000000000800134        0x2 build/default/debug/FreeRTOS/Source/tasks.o
 .bss.pxDelayedTaskList
                0x0000000000800136        0x2 build/default/debug/FreeRTOS/Source/tasks.o
 .bss.xDelayedTaskList2
                0x0000000000800138        0x9 build/default/debug/FreeRTOS/Source/tasks.o
 .bss.xDelayedTaskList1
                0x0000000000800141        0x9 build/default/debug/FreeRTOS/Source/tasks.o
 .bss.pxReadyTasksLists
                0x000000000080014a       0x24 build/default/debug/FreeRTOS/Source/tasks.o
 .bss.pxCurrentTCB
                0x000000000080016e        0x2 build/default/debug/FreeRTOS/Source/tasks.o
                0x000000000080016e                pxCurrentTCB
 *(COMMON)
 COMMON         0x0000000000800170        0x4 c:/dev/avr8-gnu-toolchain-win32_x86_64/bin/../lib/gcc/avr/7.3.0/../../../../avr/lib/avr5\libc.a(malloc.o)
                0x0000000000800170                __brkval
                0x0000000000800172                __flp
                0x0000000000800174                PROVIDE (__bss_end, .)
                0x0000000000000f12                __data_load_start = LOADADDR (.data)
                0x0000000000000f24                __data_load_end = (__data_load_start + SIZEOF (.data))

.noinit         0x0000000000800174        0x0
                [!provide]                        PROVIDE (__noinit_start, .)
 *(.noinit*)
                [!provide]                        PROVIDE (__noinit_end, .)
                0x0000000000800174                _end = .
                0x0000000000800174                PROVIDE (__heap_start, .)

.eeprom         0x0000000000810000        0x0
 *(.eeprom*)
                0x0000000000810000                __eeprom_end = .

.fuse           0x0000000000820000        0x3
 *(.fuse)
 .fuse          0x0000000000820000        0x3 build/default/debug/mcc_generated_files/system/src/config_bits.o
                0x0000000000820000                __fuse
 *(.lfuse)
 *(.hfuse)
 *(.efuse)

.lock
 *(.lock*)

.signature
 *(.signature*)

.user_signatures
 *(.user_signatures*)

.stab
 *(.stab)

.stabstr
 *(.stabstr)

.stab.excl
 *(.stab.excl)

.stab.exclstr
 *(.stab.exclstr)

.stab.index
 *(.stab.index)

.stab.indexstr
 *(.stab.indexstr)

.comment        0x0000000000000000       0x30
 *(.comment)
 .comment       0x0000000000000000       0x30 build/default/debug/mcc_generated_files/system/src/cpuint.o
                                         0x31 (size before relaxing)
 .comment       0x0000000000000030       0x31 build/default/debug/mcc_generated_files/system/src/cpu.o
 .comment       0x0000000000000030       0x31 build/default/debug/mcc_generated_files/system/src/system.o
 .comment       0x0000000000000030       0x31 build/default/debug/main.o
 .comment       0x0000000000000030       0x31 build/default/debug/mcc_generated_files/system/src/config_bits.o
 .comment       0x0000000000000030       0x31 build/default/debug/mcc_generated_files/system/src/pins.o
 .comment       0x0000000000000030       0x31 build/default/debug/FreeRTOS/Source/list.o
 .comment       0x0000000000000030       0x31 build/default/debug/FreeRTOS/Source/tasks.o
 .comment       0x0000000000000030       0x31 build/default/debug/FreeRTOS/Source/portable/GCC/ATMega328/port.o
 .comment       0x0000000000000030       0x31 build/default/debug/FreeRTOS/Source/portable/MemMang/heap_3.o
 .comment       0x0000000000000030       0x31 c:/dev/avr8-gnu-toolchain-win32_x86_64/bin/../lib/gcc/avr/7.3.0/../../../../avr/lib/avr5\libc.a(malloc.o)

.note.gnu.avr.deviceinfo
                0x0000000000000000       0x40
 .note.gnu.avr.deviceinfo
                0x0000000000000000       0x40 C:/Program Files/Microchip/MPLABX/v6.10/packs/Microchip/ATmega_DFP/3.0.158/gcc/dev/atmega328p/avr5/crtatmega328p.o

.note.gnu.build-id
 *(.note.gnu.build-id)

.debug
 *(.debug)

.line
 *(.line)

.debug_srcinfo
 *(.debug_srcinfo)

.debug_sfnames
 *(.debug_sfnames)

.debug_aranges  0x0000000000000000      0x2c0
 *(.debug_aranges)
 .debug_aranges
                0x0000000000000000       0x20 build/default/debug/mcc_generated_files/system/src/cpuint.o
 .debug_aranges
                0x0000000000000020       0x40 build/default/debug/mcc_generated_files/system/src/cpu.o
 .debug_aranges
                0x0000000000000060       0x20 build/default/debug/mcc_generated_files/system/src/system.o
 .debug_aranges
                0x0000000000000080       0x28 build/default/debug/main.o
 .debug_aranges
                0x00000000000000a8       0x18 build/default/debug/mcc_generated_files/system/src/config_bits.o
 .debug_aranges
                0x00000000000000c0       0x20 build/default/debug/mcc_generated_files/system/src/pins.o
 .debug_aranges
                0x00000000000000e0       0x40 build/default/debug/FreeRTOS/Source/list.o
 .debug_aranges
                0x0000000000000120      0x130 build/default/debug/FreeRTOS/Source/tasks.o
 .debug_aranges
                0x0000000000000250       0x48 build/default/debug/FreeRTOS/Source/portable/GCC/ATMega328/port.o
 .debug_aranges
                0x0000000000000298       0x28 build/default/debug/FreeRTOS/Source/portable/MemMang/heap_3.o

.debug_pubnames
 *(.debug_pubnames)

.debug_info     0x0000000000000000     0x2d26
 *(.debug_info .gnu.linkonce.wi.*)
 .debug_info    0x0000000000000000      0x5f4 C:/Program Files/Microchip/MPLABX/v6.10/packs/Microchip/ATmega_DFP/3.0.158/gcc/dev/atmega328p/avr5/crtatmega328p.o
 .debug_info    0x00000000000005f4       0xdb build/default/debug/mcc_generated_files/system/src/cpuint.o
 .debug_info    0x00000000000006cf       0xef build/default/debug/mcc_generated_files/system/src/cpu.o
 .debug_info    0x00000000000007be      0x108 build/default/debug/mcc_generated_files/system/src/system.o
 .debug_info    0x00000000000008c6      0x16f build/default/debug/main.o
 .debug_info    0x0000000000000a35       0xa6 build/default/debug/mcc_generated_files/system/src/config_bits.o
 .debug_info    0x0000000000000adb       0xcb build/default/debug/mcc_generated_files/system/src/pins.o
 .debug_info    0x0000000000000ba6      0x31d build/default/debug/FreeRTOS/Source/list.o
 .debug_info    0x0000000000000ec3     0x1a12 build/default/debug/FreeRTOS/Source/tasks.o
 .debug_info    0x00000000000028d5      0x2b0 build/default/debug/FreeRTOS/Source/portable/GCC/ATMega328/port.o
 .debug_info    0x0000000000002b85      0x1a1 build/default/debug/FreeRTOS/Source/portable/MemMang/heap_3.o

.debug_abbrev   0x0000000000000000      0xfa3
 *(.debug_abbrev)
 .debug_abbrev  0x0000000000000000      0x5a2 C:/Program Files/Microchip/MPLABX/v6.10/packs/Microchip/ATmega_DFP/3.0.158/gcc/dev/atmega328p/avr5/crtatmega328p.o
 .debug_abbrev  0x00000000000005a2       0x6d build/default/debug/mcc_generated_files/system/src/cpuint.o
 .debug_abbrev  0x000000000000060f       0x7a build/default/debug/mcc_generated_files/system/src/cpu.o
 .debug_abbrev  0x0000000000000689       0x8a build/default/debug/mcc_generated_files/system/src/system.o
 .debug_abbrev  0x0000000000000713       0xe7 build/default/debug/main.o
 .debug_abbrev  0x00000000000007fa       0x6f build/default/debug/mcc_generated_files/system/src/config_bits.o
 .debug_abbrev  0x0000000000000869       0x69 build/default/debug/mcc_generated_files/system/src/pins.o
 .debug_abbrev  0x00000000000008d2      0x12a build/default/debug/FreeRTOS/Source/list.o
 .debug_abbrev  0x00000000000009fc      0x32b build/default/debug/FreeRTOS/Source/tasks.o
 .debug_abbrev  0x0000000000000d27      0x189 build/default/debug/FreeRTOS/Source/portable/GCC/ATMega328/port.o
 .debug_abbrev  0x0000000000000eb0       0xf3 build/default/debug/FreeRTOS/Source/portable/MemMang/heap_3.o

.debug_line     0x0000000000000000     0x1d6f
 *(.debug_line .debug_line.* .debug_line_end)
 .debug_line    0x0000000000000000      0x134 C:/Program Files/Microchip/MPLABX/v6.10/packs/Microchip/ATmega_DFP/3.0.158/gcc/dev/atmega328p/avr5/crtatmega328p.o
 .debug_line    0x0000000000000134       0xff build/default/debug/mcc_generated_files/system/src/cpuint.o
 .debug_line    0x0000000000000233      0x120 build/default/debug/mcc_generated_files/system/src/cpu.o
 .debug_line    0x0000000000000353      0x144 build/default/debug/mcc_generated_files/system/src/system.o
 .debug_line    0x0000000000000497      0x137 build/default/debug/main.o
 .debug_line    0x00000000000005ce       0x8b build/default/debug/mcc_generated_files/system/src/config_bits.o
 .debug_line    0x0000000000000659      0x127 build/default/debug/mcc_generated_files/system/src/pins.o
 .debug_line    0x0000000000000780      0x262 build/default/debug/FreeRTOS/Source/list.o
 .debug_line    0x00000000000009e2      0xf43 build/default/debug/FreeRTOS/Source/tasks.o
 .debug_line    0x0000000000001925      0x2fe build/default/debug/FreeRTOS/Source/portable/GCC/ATMega328/port.o
 .debug_line    0x0000000000001c23      0x14c build/default/debug/FreeRTOS/Source/portable/MemMang/heap_3.o

.debug_frame    0x0000000000000000      0x694
 *(.debug_frame)
 .debug_frame   0x0000000000000000       0x24 build/default/debug/mcc_generated_files/system/src/cpuint.o
 .debug_frame   0x0000000000000024       0x64 build/default/debug/mcc_generated_files/system/src/cpu.o
 .debug_frame   0x0000000000000088       0x24 build/default/debug/mcc_generated_files/system/src/system.o
 .debug_frame   0x00000000000000ac       0x44 build/default/debug/main.o
 .debug_frame   0x00000000000000f0       0x24 build/default/debug/mcc_generated_files/system/src/pins.o
 .debug_frame   0x0000000000000114       0x88 build/default/debug/FreeRTOS/Source/list.o
 .debug_frame   0x000000000000019c      0x438 build/default/debug/FreeRTOS/Source/tasks.o
 .debug_frame   0x00000000000005d4       0x74 build/default/debug/FreeRTOS/Source/portable/GCC/ATMega328/port.o
 .debug_frame   0x0000000000000648       0x4c build/default/debug/FreeRTOS/Source/portable/MemMang/heap_3.o

.debug_str      0x0000000000000000     0x10c7
 *(.debug_str)
 .debug_str     0x0000000000000000      0x208 C:/Program Files/Microchip/MPLABX/v6.10/packs/Microchip/ATmega_DFP/3.0.158/gcc/dev/atmega328p/avr5/crtatmega328p.o
 .debug_str     0x0000000000000208      0x18e build/default/debug/mcc_generated_files/system/src/cpuint.o
                                        0x1ce (size before relaxing)
 .debug_str     0x0000000000000396       0x7e build/default/debug/mcc_generated_files/system/src/cpu.o
                                        0x1bd (size before relaxing)
 .debug_str     0x0000000000000414       0x51 build/default/debug/mcc_generated_files/system/src/system.o
                                        0x1f7 (size before relaxing)
 .debug_str     0x0000000000000465       0x44 build/default/debug/main.o
                                        0x1db (size before relaxing)
 .debug_str     0x00000000000004a9       0x4b build/default/debug/mcc_generated_files/system/src/config_bits.o
                                        0x182 (size before relaxing)
 .debug_str     0x00000000000004f4       0x26 build/default/debug/mcc_generated_files/system/src/pins.o
                                        0x1ca (size before relaxing)
 .debug_str     0x000000000000051a      0x154 build/default/debug/FreeRTOS/Source/list.o
                                        0x2e4 (size before relaxing)
 .debug_str     0x000000000000066e      0x980 build/default/debug/FreeRTOS/Source/tasks.o
                                        0xc7b (size before relaxing)
 .debug_str     0x0000000000000fee       0x8e build/default/debug/FreeRTOS/Source/portable/GCC/ATMega328/port.o
                                        0x2f8 (size before relaxing)
 .debug_str     0x000000000000107c       0x4b build/default/debug/FreeRTOS/Source/portable/MemMang/heap_3.o
                                        0x206 (size before relaxing)

.debug_loc      0x0000000000000000     0x2357
 *(.debug_loc)
 .debug_loc     0x0000000000000000       0x21 build/default/debug/mcc_generated_files/system/src/cpu.o
 .debug_loc     0x0000000000000021       0x3c build/default/debug/main.o
 .debug_loc     0x000000000000005d      0x11d build/default/debug/FreeRTOS/Source/list.o
 .debug_loc     0x000000000000017a     0x1e48 build/default/debug/FreeRTOS/Source/tasks.o
 .debug_loc     0x0000000000001fc2      0x293 build/default/debug/FreeRTOS/Source/portable/GCC/ATMega328/port.o
 .debug_loc     0x0000000000002255      0x102 build/default/debug/FreeRTOS/Source/portable/MemMang/heap_3.o

.debug_macinfo
 *(.debug_macinfo)

.debug_weaknames
 *(.debug_weaknames)

.debug_funcnames
 *(.debug_funcnames)

.debug_typenames
 *(.debug_typenames)

.debug_varnames
 *(.debug_varnames)

.debug_pubtypes
 *(.debug_pubtypes)

.debug_ranges   0x0000000000000000      0x400
 *(.debug_ranges)
 .debug_ranges  0x0000000000000000       0x10 build/default/debug/mcc_generated_files/system/src/cpuint.o
 .debug_ranges  0x0000000000000010       0x30 build/default/debug/mcc_generated_files/system/src/cpu.o
 .debug_ranges  0x0000000000000040       0x10 build/default/debug/mcc_generated_files/system/src/system.o
 .debug_ranges  0x0000000000000050       0x18 build/default/debug/main.o
 .debug_ranges  0x0000000000000068       0x10 build/default/debug/mcc_generated_files/system/src/pins.o
 .debug_ranges  0x0000000000000078       0x30 build/default/debug/FreeRTOS/Source/list.o
 .debug_ranges  0x00000000000000a8      0x308 build/default/debug/FreeRTOS/Source/tasks.o
 .debug_ranges  0x00000000000003b0       0x38 build/default/debug/FreeRTOS/Source/portable/GCC/ATMega328/port.o
 .debug_ranges  0x00000000000003e8       0x18 build/default/debug/FreeRTOS/Source/portable/MemMang/heap_3.o

.debug_macro
 *(.debug_macro)
OUTPUT(dist/default/debug/freertos.X.debug.elf elf32-avr)
LOAD linker stubs
